/data/aayush/task-recorder/agent_browser/desktop_agent.py:669: SyntaxWarning: invalid escape sequence '\s'
  expression = """
Connecting to desktop Wootz CDP at http://127.0.0.1:49325 ...
Started non-resume task in a fresh tab: about:blank
snapshot: Runtime.evaluate ...
snapshot: Runtime.evaluate ok in 1.7ms

==============================================================================
PROPOSED STEP 001 (model)
{
  "action": "navigate",
  "url": "https://quotes.toscrape.com/login",
  "thoughts": "The task requires logging in at the specified URL. The current page is blank, so I will open the login page first."
}
==============================================================================
before: Runtime.evaluate ...
before: Runtime.evaluate ok in 1.7ms
before: Runtime.evaluate ...
before: Runtime.evaluate ok in 0.9ms
after: Runtime.evaluate ...
after: Runtime.evaluate ok in 1.3ms
after: Runtime.evaluate ...
after: Runtime.evaluate ok in 3.1ms
Recorded automated step 001 in /data/aayush/task-recorder/diagnostics/v4/tasks/bench-form/step_001
snapshot: Runtime.evaluate ...
snapshot: Runtime.evaluate ok in 1.1ms

==============================================================================
PROPOSED STEP 002 (model)
{
  "action": "fill",
  "ref": "e11ddec",
  "text": "x",
  "thoughts": "The first textbox is likely for the username. I will fill it with 'x' as instructed."
}
==============================================================================
before: Runtime.evaluate ...
before: Runtime.evaluate ok in 1.6ms
before: Runtime.evaluate ...
before: Runtime.evaluate ok in 1.9ms
after: Runtime.evaluate ...
after: Runtime.evaluate ok in 2.2ms
after: Runtime.evaluate ...
after: Runtime.evaluate ok in 2.4ms
Recorded automated step 002 in /data/aayush/task-recorder/diagnostics/v4/tasks/bench-form/step_002
snapshot: Runtime.evaluate ...
snapshot: Runtime.evaluate ok in 1.7ms

==============================================================================
PROPOSED STEP 003 (model)
{
  "action": "fill",
  "ref": "e15b187",
  "text": "y",
  "thoughts": "The second textbox is likely for the password. I will fill it with 'y' as instructed before attempting to log in."
}
==============================================================================
before: Runtime.evaluate ...
before: Runtime.evaluate ok in 1.5ms
before: Runtime.evaluate ...
before: Runtime.evaluate ok in 2.3ms
after: Runtime.evaluate ...
after: Runtime.evaluate ok in 0.9ms
after: Runtime.evaluate ...
after: Runtime.evaluate ok in 2.2ms
Recorded automated step 003 in /data/aayush/task-recorder/diagnostics/v4/tasks/bench-form/step_003
snapshot: Runtime.evaluate ...
snapshot: Runtime.evaluate ok in 1.8ms

==============================================================================
PROPOSED STEP 004 (model)
{
  "action": "click",
  "ref": "ede0319",
  "thoughts": "Both username and password fields have been filled. The next step is to click the 'Login' button to submit the form and observe the result or error message."
}
==============================================================================
before: Runtime.evaluate ...
before: Runtime.evaluate ok in 2.0ms
before: Runtime.evaluate ...
before: Runtime.evaluate ok in 2.2ms
after: Runtime.evaluate ...
after: Runtime.evaluate ok in 1.0ms
after: Runtime.evaluate ...
after: Runtime.evaluate ok in 6.1ms
Recorded automated step 004 in /data/aayush/task-recorder/diagnostics/v4/tasks/bench-form/step_004
snapshot: Runtime.evaluate ...
snapshot: Runtime.evaluate ok in 4.8ms

==============================================================================
PROPOSED STEP 005 (model)
{
  "action": "terminate",
  "status": "success",
  "final_answer": "After logging in with username 'x' and password 'y', the page redirected to the main page and now shows a 'Logout' link, indicating a successful login. Visible text proving completion: 'Logout'.",
  "thoughts": "The presence of the 'Logout' link and the redirect to the main page indicate that the login was successful. There is no error message."
}
==============================================================================
final_state: Runtime.evaluate ...
final_state: Runtime.evaluate ok in 1.5ms
final_state: Runtime.evaluate ...
final_state: Runtime.evaluate ok in 4.1ms
Agent terminated: success
	Command being timed: "./scripts/run-agent-browser.sh --task-id bench-form --task Go to https://quotes.toscrape.com/login. Log in with username 'x' and password 'y' and report the exact error or result --output-root diagnostics/v4/tasks --yes --max-steps 60 --observation-source cross_check"
	User time (seconds): 0.41
	System time (seconds): 0.05
	Percent of CPU this job got: 4%
	Elapsed (wall clock) time (h:mm:ss or m:ss): 0:10.28
	Average shared text size (kbytes): 0
	Average unshared data size (kbytes): 0
	Average stack size (kbytes): 0
	Average total size (kbytes): 0
	Maximum resident set size (kbytes): 41472
	Average resident set size (kbytes): 0
	Major (requiring I/O) page faults: 0
	Minor (reclaiming a frame) page faults: 8119
	Voluntary context switches: 385
	Involuntary context switches: 1
	Swaps: 0
	File system inputs: 0
	File system outputs: 2448
	Socket messages sent: 0
	Socket messages received: 0
	Signals delivered: 0
	Page size (bytes): 4096
	Exit status: 0
