/data/aayush/task-recorder/agent_browser/desktop_agent.py:669: SyntaxWarning: invalid escape sequence '\s'
  expression = """
Connecting to desktop Wootz CDP at http://127.0.0.1:49325 ...
Started non-resume task in a fresh tab: about:blank
snapshot: Runtime.evaluate ...
snapshot: Runtime.evaluate ok in 1.6ms

==============================================================================
PROPOSED STEP 001 (model)
{
  "action": "navigate",
  "url": "https://quotes.toscrape.com/page/3/",
  "thoughts": "The task is to go to page 3 of a quotes site and report the author of the first quote. Since there is no current page loaded, I will directly open the URL for page 3."
}
==============================================================================
before: Runtime.evaluate ...
before: Runtime.evaluate ok in 2.5ms
before: Runtime.evaluate ...
before: Runtime.evaluate ok in 1.0ms
after: Runtime.evaluate ...
after: Runtime.evaluate ok in 1.2ms
after: Runtime.evaluate ...
after: Runtime.evaluate ok in 3.4ms
Recorded automated step 001 in /data/aayush/task-recorder/diagnostics/v4/tasks/bench-quotes/step_001
snapshot: Runtime.evaluate ...
snapshot: Runtime.evaluate ok in 2.6ms

==============================================================================
PROPOSED STEP 002 (model)
{
  "action": "terminate",
  "status": "success",
  "final_answer": "The author of the first quote on page 3 is \"Pablo Neruda\".",
  "thoughts": "The visible text includes the quote followed by 'by Pablo Neruda', confirming the author of the first quote on this page."
}
==============================================================================
final_state: Runtime.evaluate ...
final_state: Runtime.evaluate ok in 1.5ms
final_state: Runtime.evaluate ...
final_state: Runtime.evaluate ok in 3.1ms
Agent terminated: success
	Command being timed: "./scripts/run-agent-browser.sh --task-id bench-quotes --task Go to page 3 and report the author of the first quote --output-root diagnostics/v4/tasks --yes --max-steps 60 --observation-source cross_check"
	User time (seconds): 0.35
	System time (seconds): 0.03
	Percent of CPU this job got: 9%
	Elapsed (wall clock) time (h:mm:ss or m:ss): 0:04.16
	Average shared text size (kbytes): 0
	Average unshared data size (kbytes): 0
	Average stack size (kbytes): 0
	Average total size (kbytes): 0
	Maximum resident set size (kbytes): 42240
	Average resident set size (kbytes): 0
	Major (requiring I/O) page faults: 0
	Minor (reclaiming a frame) page faults: 7984
	Voluntary context switches: 183
	Involuntary context switches: 2
	Swaps: 0
	File system inputs: 0
	File system outputs: 1136
	Socket messages sent: 0
	Socket messages received: 0
	Signals delivered: 0
	Page size (bytes): 4096
	Exit status: 0
