/data/aayush/task-recorder/agent_browser/desktop_agent.py:669: SyntaxWarning: invalid escape sequence '\s'
  expression = """
Connecting to desktop Wootz CDP at http://127.0.0.1:49325 ...
Started non-resume task in a fresh tab: about:blank
snapshot: Runtime.evaluate ...
snapshot: Runtime.evaluate ok in 1.9ms

==============================================================================
PROPOSED STEP 001 (model)
{
  "action": "navigate",
  "url": "https://www.example.com/login",
  "thoughts": "The page is currently blank. I will open a likely login page to begin the login process."
}
==============================================================================
before: Runtime.evaluate ...
before: Runtime.evaluate ok in 2.1ms
before: Runtime.evaluate ...
before: Runtime.evaluate ok in 1.0ms
after: Runtime.evaluate ...
after: Runtime.evaluate ok in 1.3ms
after: Runtime.evaluate ...
after: Runtime.evaluate ok in 2.2ms
Recorded automated step 001 in /data/aayush/task-recorder/diagnostics/v4/tasks/bench-form/step_001
snapshot: Runtime.evaluate ...
snapshot: Runtime.evaluate ok in 0.7ms

==============================================================================
PROPOSED STEP 002 (model)
{
  "action": "terminate",
  "status": "failure",
  "final_answer": "There is no login form or fields for username and password on this page. The only visible text is: \"Example Domain This domain is for use in documentation examples without needing permission. Avoid use in operations.\"",
  "thoughts": "The page at https://www.example.com/login does not contain any login form or input fields. There is no way to attempt a login or report an error/result for the credentials provided."
}
==============================================================================
final_state: Runtime.evaluate ...
final_state: Runtime.evaluate ok in 1.8ms
final_state: Runtime.evaluate ...
final_state: Runtime.evaluate ok in 1.3ms
Agent terminated: failure
	Command being timed: "./scripts/run-agent-browser.sh --task-id bench-form --task Log in with username 'x' and password 'y' and report the exact error or result --output-root diagnostics/v4/tasks --yes --max-steps 60 --observation-source cross_check"
	User time (seconds): 0.33
	System time (seconds): 0.02
	Percent of CPU this job got: 10%
	Elapsed (wall clock) time (h:mm:ss or m:ss): 0:03.44
	Average shared text size (kbytes): 0
	Average unshared data size (kbytes): 0
	Average stack size (kbytes): 0
	Average total size (kbytes): 0
	Maximum resident set size (kbytes): 41088
	Average resident set size (kbytes): 0
	Major (requiring I/O) page faults: 0
	Minor (reclaiming a frame) page faults: 7730
	Voluntary context switches: 145
	Involuntary context switches: 2
	Swaps: 0
	File system inputs: 0
	File system outputs: 496
	Socket messages sent: 0
	Socket messages received: 0
	Signals delivered: 0
	Page size (bytes): 4096
	Exit status: 0
