/data/aayush/task-recorder/agent_browser/desktop_agent.py:669: SyntaxWarning: invalid escape sequence '\s'
  expression = """
Connecting to desktop Wootz CDP at http://127.0.0.1:49325 ...
Started non-resume task in a fresh tab: about:blank
snapshot: Runtime.evaluate ...
snapshot: Runtime.evaluate ok in 1.9ms

==============================================================================
PROPOSED STEP 001 (model)
{
  "action": "navigate",
  "url": "https://quotes.toscrape.com/login",
  "thoughts": "The task requires logging in at the specified URL. I will open the login page first."
}
==============================================================================
before: Runtime.evaluate ...
before: Runtime.evaluate ok in 2.6ms
before: Runtime.evaluate ...
before: Runtime.evaluate ok in 1.1ms
after: Runtime.evaluate ...
after: Runtime.evaluate ok in 1.9ms
after: Runtime.evaluate ...
after: Runtime.evaluate ok in 4.2ms
Recorded automated step 001 in /data/aayush/task-recorder/diagnostics/v4/tasks/bench-form/step_001
snapshot: Runtime.evaluate ...
snapshot: Runtime.evaluate ok in 2.0ms

==============================================================================
PROPOSED STEP 002 (model)
{
  "action": "fill",
  "ref": "e11ddec",
  "text": "x",
  "thoughts": "I see two textboxes, likely for username and password. I will fill the first textbox with the username 'x' as the next step in the login process."
}
==============================================================================
before: Runtime.evaluate ...
before: Runtime.evaluate ok in 2.4ms
before: Runtime.evaluate ...
before: Runtime.evaluate ok in 3.2ms
after: Runtime.evaluate ...
after: Runtime.evaluate ok in 2.2ms
after: Runtime.evaluate ...
after: Runtime.evaluate ok in 2.2ms
Recorded automated step 002 in /data/aayush/task-recorder/diagnostics/v4/tasks/bench-form/step_002
snapshot: Runtime.evaluate ...
snapshot: Runtime.evaluate ok in 2.2ms

==============================================================================
PROPOSED STEP 003 (model)
{
  "action": "fill",
  "ref": "e15b187",
  "text": "y",
  "thoughts": "The second textbox is likely for the password. I will fill it with the password 'y' as the next step in the login process."
}
==============================================================================
before: Runtime.evaluate ...
before: Runtime.evaluate ok in 1.9ms
before: Runtime.evaluate ...
before: Runtime.evaluate ok in 2.2ms
after: Runtime.evaluate ...
after: Runtime.evaluate ok in 1.6ms
after: Runtime.evaluate ...
after: Runtime.evaluate ok in 2.5ms
Recorded automated step 003 in /data/aayush/task-recorder/diagnostics/v4/tasks/bench-form/step_003
snapshot: Runtime.evaluate ...
snapshot: Runtime.evaluate ok in 1.5ms

==============================================================================
PROPOSED STEP 004 (model)
{
  "action": "click",
  "ref": "ede0319",
  "thoughts": "Both the username and password fields have been filled. The next step is to click the 'Login' button to submit the form and observe the result or error message."
}
==============================================================================
before: Runtime.evaluate ...
before: Runtime.evaluate ok in 1.8ms
before: Runtime.evaluate ...
before: Runtime.evaluate ok in 2.4ms
after: Runtime.evaluate ...
after: Runtime.evaluate ok in 1.2ms
after: Runtime.evaluate ...
after: Runtime.evaluate ok in 4.5ms
Recorded automated step 004 in /data/aayush/task-recorder/diagnostics/v4/tasks/bench-form/step_004
snapshot: Runtime.evaluate ...
snapshot: Runtime.evaluate ok in 3.7ms

==============================================================================
PROPOSED STEP 005 (model)
{
  "action": "terminate",
  "status": "success",
  "final_answer": "After logging in with username 'x' and password 'y', I was redirected to the main page and now see a 'Logout' link, indicating a successful login. Visible text: 'Logout'.",
  "thoughts": "The presence of the 'Logout' link and the redirect to the main page confirm that the login was successful with the provided credentials."
}
==============================================================================
final_state: Runtime.evaluate ...
final_state: Runtime.evaluate ok in 2.5ms
final_state: Runtime.evaluate ...
final_state: Runtime.evaluate ok in 4.0ms
Agent terminated: success
	Command being timed: "./scripts/run-agent-browser.sh --task-id bench-form --task Go to https://quotes.toscrape.com/login. Log in with username 'x' and password 'y' and report the exact error or result --output-root diagnostics/v4/tasks --yes --max-steps 60 --observation-source cross_check"
	User time (seconds): 0.42
	System time (seconds): 0.05
	Percent of CPU this job got: 4%
	Elapsed (wall clock) time (h:mm:ss or m:ss): 0:09.77
	Average shared text size (kbytes): 0
	Average unshared data size (kbytes): 0
	Average stack size (kbytes): 0
	Average total size (kbytes): 0
	Maximum resident set size (kbytes): 43008
	Average resident set size (kbytes): 0
	Major (requiring I/O) page faults: 0
	Minor (reclaiming a frame) page faults: 8220
	Voluntary context switches: 418
	Involuntary context switches: 0
	Swaps: 0
	File system inputs: 0
	File system outputs: 2456
	Socket messages sent: 0
	Socket messages received: 0
	Signals delivered: 0
	Page size (bytes): 4096
	Exit status: 0
