/data/aayush/task-recorder/agent_browser/desktop_agent.py:669: SyntaxWarning: invalid escape sequence '\s'
  expression = """
Connecting to desktop Wootz CDP at http://127.0.0.1:49325 ...
Started non-resume task in a fresh tab: about:blank
snapshot: Runtime.evaluate ...
snapshot: Runtime.evaluate ok in 2.2ms
final_state: Runtime.evaluate ...
final_state: Runtime.evaluate ok in 0.6ms
final_state: Runtime.evaluate ...
final_state: Runtime.evaluate ok in 1.3ms
Traceback (most recent call last):
  File "/data/aayush/task-recorder/agent_browser/desktop_agent.py", line 1783, in <module>
    main()
  File "/data/aayush/task-recorder/agent_browser/desktop_agent.py", line 1776, in main
    asyncio.run(run(args))
  File "/usr/lib/python3.12/asyncio/runners.py", line 194, in run
    return runner.run(main)
           ^^^^^^^^^^^^^^^^
  File "/usr/lib/python3.12/asyncio/runners.py", line 118, in run
    return self._loop.run_until_complete(task)
           ^^^^^^^^^^^^^^^^^^^^^^^^^^^^^^^^^^^
  File "/usr/lib/python3.12/asyncio/base_events.py", line 687, in run_until_complete
    return future.result()
           ^^^^^^^^^^^^^^^
  File "/data/aayush/task-recorder/agent_browser/desktop_agent.py", line 1603, in run
    snapshot = await agent.snapshot(
               ^^^^^^^^^^^^^^^^^^^^^
  File "/data/aayush/task-recorder/agent_browser/desktop_agent.py", line 578, in snapshot
    await self.visible_text_blocks(max_blocks=max_elements) if include_runtime_visible_text else []
    ^^^^^^^^^^^^^^^^^^^^^^^^^^^^^^^^^^^^^^^^^^^^^^^^^^^^^^^
  File "/data/aayush/task-recorder/agent_browser/desktop_agent.py", line 669, in visible_text_blocks
    expression = """
                 ^^^
TypeError: not enough arguments for format string
Command exited with non-zero status 1
	Command being timed: "./scripts/run-agent-browser.sh --task-id bench-books --task Open the first book in the Travel category and report its exact price and its star rating --output-root diagnostics/v4/tasks --yes --max-steps 60 --observation-source cross_check"
	User time (seconds): 0.31
	System time (seconds): 0.03
	Percent of CPU this job got: 58%
	Elapsed (wall clock) time (h:mm:ss or m:ss): 0:00.59
	Average shared text size (kbytes): 0
	Average unshared data size (kbytes): 0
	Average stack size (kbytes): 0
	Average total size (kbytes): 0
	Maximum resident set size (kbytes): 44928
	Average resident set size (kbytes): 0
	Major (requiring I/O) page faults: 0
	Minor (reclaiming a frame) page faults: 8000
	Voluntary context switches: 48
	Involuntary context switches: 3
	Swaps: 0
	File system inputs: 0
	File system outputs: 112
	Socket messages sent: 0
	Socket messages received: 0
	Signals delivered: 0
	Page size (bytes): 4096
	Exit status: 1
