/data/aayush/task-recorder/agent_browser/desktop_agent.py:669: SyntaxWarning: invalid escape sequence '\s'
  expression = """
Connecting to desktop Wootz CDP at http://127.0.0.1:49325 ...
Started non-resume task in a fresh tab: about:blank
snapshot: Runtime.evaluate ...
snapshot: Runtime.evaluate ok in 2.7ms

==============================================================================
PROPOSED STEP 001 (model)
{
  "action": "navigate",
  "url": "https://books.toscrape.com/catalogue/page-2.html",
  "thoughts": "The task is to report the title of the last book on page 2 of the catalogue. Since the browser is currently on about:blank, I will directly open the URL for page 2 of the catalogue to access the required information."
}
==============================================================================
before: Runtime.evaluate ...
before: Runtime.evaluate ok in 2.0ms
before: Runtime.evaluate ...
before: Runtime.evaluate ok in 1.2ms
after: Runtime.evaluate ...
after: Runtime.evaluate ok in 1.0ms
after: Runtime.evaluate ...
after: Runtime.evaluate ok in 10.5ms
Recorded automated step 001 in /data/aayush/task-recorder/diagnostics/v4/tasks/bench-books-2/step_001
snapshot: Runtime.evaluate ...
snapshot: Runtime.evaluate ok in 5.5ms

==============================================================================
PROPOSED STEP 002 (model)
{
  "action": "scroll",
  "pixels": 700,
  "thoughts": "The last book on the page is likely below the fold, as only the first few book titles are visible in the snapshot. Scrolling down will reveal the rest of the book listings so I can identify the title of the last book on page 2."
}
==============================================================================
before: Runtime.evaluate ...
before: Runtime.evaluate ok in 2.0ms
before: Runtime.evaluate ...
before: Runtime.evaluate ok in 8.6ms
after: Runtime.evaluate ...
after: Runtime.evaluate ok in 0.9ms
after: Runtime.evaluate ...
after: Runtime.evaluate ok in 9.3ms
Recorded automated step 002 in /data/aayush/task-recorder/diagnostics/v4/tasks/bench-books-2/step_002
snapshot: Runtime.evaluate ...
snapshot: Runtime.evaluate ok in 8.3ms

==============================================================================
PROPOSED STEP 003 (model)
{
  "action": "scroll",
  "pixels": 700,
  "thoughts": "The last book on the page is likely still below the fold, as there are 28 elements below and the last few book titles are not yet visible. Scrolling further down will reveal the bottom of the catalogue so I can identify the title of the last book on page 2."
}
==============================================================================
before: Runtime.evaluate ...
before: Runtime.evaluate ok in 1.9ms
before: Runtime.evaluate ...
before: Runtime.evaluate ok in 8.4ms
after: Runtime.evaluate ...
after: Runtime.evaluate ok in 0.9ms
after: Runtime.evaluate ...
after: Runtime.evaluate ok in 8.4ms
Recorded automated step 003 in /data/aayush/task-recorder/diagnostics/v4/tasks/bench-books-2/step_003
snapshot: Runtime.evaluate ...
snapshot: Runtime.evaluate ok in 9.2ms

==============================================================================
PROPOSED STEP 004 (model)
{
  "action": "scroll",
  "pixels": 700,
  "thoughts": "The scroll position is at 1400 out of 1869, so there is still some page left to view. To ensure the last book is visible, I will scroll further down to reach the bottom of the page and reveal the last book title."
}
==============================================================================
before: Runtime.evaluate ...
before: Runtime.evaluate ok in 1.9ms
before: Runtime.evaluate ...
before: Runtime.evaluate ok in 5.2ms
after: Runtime.evaluate ...
after: Runtime.evaluate ok in 1.2ms
after: Runtime.evaluate ...
after: Runtime.evaluate ok in 6.3ms
Recorded automated step 004 in /data/aayush/task-recorder/diagnostics/v4/tasks/bench-books-2/step_004
snapshot: Runtime.evaluate ...
snapshot: Runtime.evaluate ok in 5.0ms

==============================================================================
PROPOSED STEP 005 (model)
{
  "action": "terminate",
  "status": "success",
  "final_answer": "The title of the last book on page 2 of the catalogue is \"You can't bury them all: Poems\".",
  "thoughts": "I have reached the bottom of page 2 and can see the book title 'You can't bury them all: Poems' in the visible text. This matches the last book entry, so the task is complete."
}
==============================================================================
final_state: Runtime.evaluate ...
final_state: Runtime.evaluate ok in 2.1ms
final_state: Runtime.evaluate ...
final_state: Runtime.evaluate ok in 5.1ms
Agent terminated: success
	Command being timed: "./scripts/run-agent-browser.sh --task-id bench-books-2 --task Report the title of the last book on page 2 of the catalogue --output-root diagnostics/v4/tasks --yes --max-steps 60 --observation-source cross_check"
	User time (seconds): 0.43
	System time (seconds): 0.04
	Percent of CPU this job got: 4%
	Elapsed (wall clock) time (h:mm:ss or m:ss): 0:11.07
	Average shared text size (kbytes): 0
	Average unshared data size (kbytes): 0
	Average stack size (kbytes): 0
	Average total size (kbytes): 0
	Maximum resident set size (kbytes): 45480
	Average resident set size (kbytes): 0
	Major (requiring I/O) page faults: 0
	Minor (reclaiming a frame) page faults: 9493
	Voluntary context switches: 499
	Involuntary context switches: 1
	Swaps: 0
	File system inputs: 0
	File system outputs: 5008
	Socket messages sent: 0
	Socket messages received: 0
	Signals delivered: 0
	Page size (bytes): 4096
	Exit status: 0
