/data/aayush/task-recorder/agent_browser/desktop_agent.py:669: SyntaxWarning: invalid escape sequence '\s'
  expression = """
Connecting to desktop Wootz CDP at http://127.0.0.1:49325 ...
Started non-resume task in a fresh tab: about:blank
snapshot: Runtime.evaluate ...
snapshot: Runtime.evaluate ok in 2.7ms

==============================================================================
PROPOSED STEP 001 (model)
{
  "action": "navigate",
  "url": "http://books.toscrape.com/",
  "thoughts": "Starting at the main page of Books to Scrape to locate the Travel category and proceed to find the first book."
}
==============================================================================
before: Runtime.evaluate ...
before: Runtime.evaluate ok in 2.6ms
before: Runtime.evaluate ...
before: Runtime.evaluate ok in 1.7ms
after: Runtime.evaluate ...
after: Runtime.evaluate ok in 0.9ms
after: Runtime.evaluate ...
after: Runtime.evaluate ok in 13.8ms
Recorded automated step 001 in /data/aayush/task-recorder/diagnostics/v4/tasks/bench-books/step_001
snapshot: Runtime.evaluate ...
snapshot: Runtime.evaluate ok in 9.8ms

==============================================================================
PROPOSED STEP 002 (model)
{
  "action": "click",
  "ref": "ee6e328",
  "thoughts": "Clicking the 'Travel' category link to view books in the Travel category and locate the first book."
}
==============================================================================
before: Runtime.evaluate ...
before: Runtime.evaluate ok in 1.6ms
before: Runtime.evaluate ...
before: Runtime.evaluate ok in 9.5ms
after: Runtime.evaluate ...
after: Runtime.evaluate ok in 0.8ms
after: Runtime.evaluate ...
after: Runtime.evaluate ok in 6.1ms
Recorded automated step 002 in /data/aayush/task-recorder/diagnostics/v4/tasks/bench-books/step_002
snapshot: Runtime.evaluate ...
snapshot: Runtime.evaluate ok in 4.8ms

==============================================================================
PROPOSED STEP 003 (model)
{
  "action": "click",
  "ref": "e6d6a65",
  "thoughts": "The first book in the Travel category is 'It's Only the Himalayas'. I will click on its link to open the book's detail page and retrieve its exact price and star rating."
}
==============================================================================
before: Runtime.evaluate ...
before: Runtime.evaluate ok in 2.4ms
before: Runtime.evaluate ...
before: Runtime.evaluate ok in 6.9ms
after: Runtime.evaluate ...
after: Runtime.evaluate ok in 1.1ms
after: Runtime.evaluate ...
after: Runtime.evaluate ok in 2.6ms
Recorded automated step 003 in /data/aayush/task-recorder/diagnostics/v4/tasks/bench-books/step_003
snapshot: Runtime.evaluate ...
snapshot: Runtime.evaluate ok in 2.3ms

==============================================================================
PROPOSED STEP 004 (model)
{
  "action": "terminate",
  "status": "success",
  "final_answer": "The first book in the Travel category is 'It's Only the Himalayas'. Its exact price is '£45.17' and its star rating is 'Two'.",
  "thoughts": "Both the price ('£45.17') and the star rating ('Two') are visible in the snapshot, confirming completion of the task."
}
==============================================================================
final_state: Runtime.evaluate ...
final_state: Runtime.evaluate ok in 1.4ms
final_state: Runtime.evaluate ...
final_state: Runtime.evaluate ok in 2.0ms
Agent terminated: success
	Command being timed: "./scripts/run-agent-browser.sh --task-id bench-books --task Open the first book in the Travel category and report its exact price and its star rating --output-root diagnostics/v4/tasks --yes --max-steps 60 --observation-source cross_check"
	User time (seconds): 0.43
	System time (seconds): 0.07
	Percent of CPU this job got: 5%
	Elapsed (wall clock) time (h:mm:ss or m:ss): 0:09.12
	Average shared text size (kbytes): 0
	Average unshared data size (kbytes): 0
	Average stack size (kbytes): 0
	Average total size (kbytes): 0
	Maximum resident set size (kbytes): 43008
	Average resident set size (kbytes): 0
	Major (requiring I/O) page faults: 0
	Minor (reclaiming a frame) page faults: 8476
	Voluntary context switches: 506
	Involuntary context switches: 1
	Swaps: 0
	File system inputs: 0
	File system outputs: 3272
	Socket messages sent: 0
	Socket messages received: 0
	Signals delivered: 0
	Page size (bytes): 4096
	Exit status: 0
