Checking desktop Wootz CDP on http://127.0.0.1:49325 ...
{
   "Browser": "Chrome/152.0.7948.0",
   "Protocol-Version": "1.3",
   "User-Agent": "Mozilla/5.0 (X11; Linux x86_64) AppleWebKit/537.36 (KHTML, like Gecko) Chrome/152.0.0.0 Safari/537.36",
   "V8-Version": "15.2.62",
   "WebKit-Version": "537.36 (@6d8a911bee8938b4649482619acf21c471808493)",
   "webSocketDebuggerUrl": "ws://127.0.0.1:49325/devtools/browser/fd1cb5e6-c8db-4352-a9c0-19071f86c905"
}

Traceback (most recent call last):
  File "/data/aayush/task-recorder/recorder.py", line 1565, in <module>
    raise SystemExit(main())
                     ^^^^^^
  File "/data/aayush/task-recorder/recorder.py", line 1554, in main
    asyncio.run(async_main(args))
  File "/usr/lib/python3.12/asyncio/runners.py", line 194, in run
    return runner.run(main)
           ^^^^^^^^^^^^^^^^
  File "/usr/lib/python3.12/asyncio/runners.py", line 118, in run
    return self._loop.run_until_complete(task)
           ^^^^^^^^^^^^^^^^^^^^^^^^^^^^^^^^^^^
  File "/usr/lib/python3.12/asyncio/base_events.py", line 687, in run_until_complete
    return future.result()
           ^^^^^^^^^^^^^^^
  File "/data/aayush/task-recorder/recorder.py", line 1545, in async_main
    await run_doctor(args)
  File "/data/aayush/task-recorder/recorder.py", line 1490, in run_doctor
    domains = await enable_page_domains(cdp)
                    ^^^^^^^^^^^^^^^^^^^
NameError: name 'enable_page_domains' is not defined
