/data/aayush/task-recorder/agent_browser/desktop_agent.py:605: SyntaxWarning: invalid escape sequence '\s'
  expression = """
Connecting to desktop Wootz CDP at http://127.0.0.1:49325 ...
Page.enable ...
Page.enable ok in 1.1ms
Page.enable ...
Page.enable ok in 1.0ms
Started non-resume task in a fresh tab: about:blank

==============================================================================
PROPOSED STEP 001 (model)
{
  "action": "navigate",
  "url": "https://books.toscrape.com/",
  "thoughts": "Starting by navigating directly to the Books to Scrape homepage as instructed."
}
==============================================================================
before: Runtime.evaluate ...
before: Runtime.evaluate ok in 2.6ms
Page.enable ...
Page.enable ok in 1.7ms
Page.enable ...
Page.enable ok in 2.8ms
after: Runtime.evaluate ...
after: Runtime.evaluate ok in 1.1ms
Recorded automated step 001 in /data/aayush/task-recorder/tasks/bench-books/step_001

==============================================================================
PROPOSED STEP 002 (model)
{
  "action": "click",
  "ref": "e0a6a0f",
  "thoughts": "To proceed, I need to open the Travel category. The link for 'Travel' is visible and available with ref e0a6a0f, so I will click it."
}
==============================================================================
before: Runtime.evaluate ...
before: Runtime.evaluate ok in 2.8ms
Page.enable ...
Page.enable ok in 0.6ms
Page.enable ...
Page.enable ok in 1.2ms
after: Runtime.evaluate ...
after: Runtime.evaluate ok in 0.6ms
Recorded automated step 002 in /data/aayush/task-recorder/tasks/bench-books/step_002

==============================================================================
PROPOSED STEP 003 (model)
{
  "action": "click",
  "ref": "ea108e4",
  "thoughts": "The first book in the Travel category is 'It's Only the Himalayas'. I will click the link with ref ea108e4 to open its detail page and find the price."
}
==============================================================================
before: Runtime.evaluate ...
before: Runtime.evaluate ok in 2.7ms
Page.enable ...
Page.enable ok in 2.4ms
Page.enable ...
Page.enable ok in 2.6ms
after: Runtime.evaluate ...
after: Runtime.evaluate ok in 1.1ms
Recorded automated step 003 in /data/aayush/task-recorder/tasks/bench-books/step_003

==============================================================================
PROPOSED STEP 004 (model)
{
  "action": "terminate",
  "status": "success",
  "final_answer": "The price of the first book in the Travel category ('It's Only the Himalayas') is £45.17. Visible evidence: p: \"£45.17\"",
  "thoughts": "The book detail page is loaded and the price is clearly visible as £45.17 in the snapshot. Task complete with quoted evidence."
}
==============================================================================
final_state: Runtime.evaluate ...
final_state: Runtime.evaluate ok in 2.9ms
Agent terminated: success
	Command being timed: "./scripts/run-agent-browser.sh --task-id bench-books --task Go directly to https://books.toscrape.com/. Open the Travel category, open the first book in Travel, and report its price with visible evidence. --yes --max-steps 12 --step-timeout 120 --observation-source auto"
	User time (seconds): 0.45
	System time (seconds): 0.07
	Percent of CPU this job got: 5%
	Elapsed (wall clock) time (h:mm:ss or m:ss): 0:09.43
	Average shared text size (kbytes): 0
	Average unshared data size (kbytes): 0
	Average stack size (kbytes): 0
	Average total size (kbytes): 0
	Maximum resident set size (kbytes): 42624
	Average resident set size (kbytes): 0
	Major (requiring I/O) page faults: 0
	Minor (reclaiming a frame) page faults: 8842
	Voluntary context switches: 442
	Involuntary context switches: 2
	Swaps: 0
	File system inputs: 0
	File system outputs: 6280
	Socket messages sent: 0
	Socket messages received: 0
	Signals delivered: 0
	Page size (bytes): 4096
	Exit status: 0
