/data/aayush/task-recorder/agent_browser/desktop_agent.py:605: SyntaxWarning: invalid escape sequence '\s'
  expression = """
Connecting to desktop Wootz CDP at http://127.0.0.1:49325 ...
Page.enable ...
Page.enable ok in 2.7ms
Page.enable ...
Page.enable ok in 1.2ms
Started non-resume task in a fresh tab: about:blank
snapshot: Runtime.evaluate ...
snapshot: Runtime.evaluate ok in 2.2ms

==============================================================================
PROPOSED STEP 001 (model)
{
  "action": "navigate",
  "url": "https://quotes.toscrape.com/",
  "thoughts": "The task requires visiting https://quotes.toscrape.com/ to find a quote tagged with 'humor' and report its author. The current page is about:blank, so I will open the target URL directly."
}
==============================================================================
before: Runtime.evaluate ...
before: Runtime.evaluate ok in 3.8ms
before: Runtime.evaluate ...
before: Runtime.evaluate ok in 3.0ms
Page.enable ...
Page.enable ok in 1.1ms
Page.enable ...
Page.enable ok in 2.3ms
after: Runtime.evaluate ...
after: Runtime.evaluate ok in 2.1ms
after: Runtime.evaluate ...
after: Runtime.evaluate ok in 7.9ms
Recorded automated step 001 in /data/aayush/task-recorder/tasks/bench-quotes-js/step_001
snapshot: Runtime.evaluate ...
snapshot: Runtime.evaluate ok in 4.6ms

==============================================================================
PROPOSED STEP 002 (model)
{
  "action": "click",
  "ref": "e35c9b8",
  "thoughts": "To find a quote tagged 'humor', I will click the 'humor' tag link in the tag cloud, which should filter the quotes to only those with the 'humor' tag."
}
==============================================================================
before: Runtime.evaluate ...
before: Runtime.evaluate ok in 2.2ms
before: Runtime.evaluate ...
before: Runtime.evaluate ok in 5.7ms
Page.enable ...
Page.enable ok in 0.6ms
Page.enable ...
Page.enable ok in 1.4ms
after: Runtime.evaluate ...
after: Runtime.evaluate ok in 1.2ms
after: Runtime.evaluate ...
after: Runtime.evaluate ok in 4.3ms
Recorded automated step 002 in /data/aayush/task-recorder/tasks/bench-quotes-js/step_002
snapshot: Runtime.evaluate ...
snapshot: Runtime.evaluate ok in 3.8ms

==============================================================================
PROPOSED STEP 003 (model)
{
  "action": "terminate",
  "status": "success",
  "final_answer": "A quote tagged 'humor' is: “A day without sunshine is like, you know, night.” The author is Steve Martin. Visible evidence: '“A day without sunshine is like, you know, night.”' and 'Steve Martin' are both present in the visible text.",
  "thoughts": "The page displays several quotes tagged 'humor.' The quote by Steve Martin is clearly visible and tagged with 'humor,' fulfilling the task requirements. The author is reported with direct evidence from the page."
}
==============================================================================
final_state: Runtime.evaluate ...
final_state: Runtime.evaluate ok in 3.6ms
final_state: Runtime.evaluate ...
final_state: Runtime.evaluate ok in 6.6ms
Agent terminated: success
	Command being timed: "./scripts/run-agent-browser.sh --task-id bench-quotes-js --task Go directly to https://quotes.toscrape.com/. Find a quote tagged humor and report its author with visible evidence. --yes --max-steps 12 --step-timeout 120 --observation-source js"
	User time (seconds): 0.40
	System time (seconds): 0.05
	Percent of CPU this job got: 6%
	Elapsed (wall clock) time (h:mm:ss or m:ss): 0:07.40
	Average shared text size (kbytes): 0
	Average unshared data size (kbytes): 0
	Average stack size (kbytes): 0
	Average total size (kbytes): 0
	Maximum resident set size (kbytes): 41472
	Average resident set size (kbytes): 0
	Major (requiring I/O) page faults: 0
	Minor (reclaiming a frame) page faults: 7990
	Voluntary context switches: 232
	Involuntary context switches: 0
	Swaps: 0
	File system inputs: 0
	File system outputs: 2256
	Socket messages sent: 0
	Socket messages received: 0
	Signals delivered: 0
	Page size (bytes): 4096
	Exit status: 0
