/data/aayush/task-recorder/agent_browser/desktop_agent.py:605: SyntaxWarning: invalid escape sequence '\s'
  expression = """
Connecting to desktop Wootz CDP at http://127.0.0.1:49325 ...
Page.enable ...
Page.enable ok in 1.1ms
Page.enable ...
Page.enable ok in 9.8ms
Started non-resume task in a fresh tab: about:blank
snapshot: Runtime.evaluate ...
snapshot: Runtime.evaluate ok in 3.0ms

==============================================================================
PROPOSED STEP 001 (model)
{
  "action": "navigate",
  "url": "https://books.toscrape.com/",
  "thoughts": "Starting by navigating directly to the Books to Scrape homepage as instructed."
}
==============================================================================
before: Runtime.evaluate ...
before: Runtime.evaluate ok in 1.7ms
before: Runtime.evaluate ...
before: Runtime.evaluate ok in 1.1ms
Page.enable ...
Page.enable ok in 1.5ms
Page.enable ...
Page.enable ok in 1.3ms
after: Runtime.evaluate ...
after: Runtime.evaluate ok in 1.2ms
after: Runtime.evaluate ...
after: Runtime.evaluate ok in 12.7ms
Recorded automated step 001 in /data/aayush/task-recorder/tasks/bench-books-js/step_001
snapshot: Runtime.evaluate ...
snapshot: Runtime.evaluate ok in 51.8ms

==============================================================================
PROPOSED STEP 002 (model)
{
  "action": "click",
  "ref": "e08e7af",
  "thoughts": "To open the Travel category, I will click the 'Travel' link, which is clearly visible and matches the task instructions."
}
==============================================================================
before: Runtime.evaluate ...
before: Runtime.evaluate ok in 3.6ms
before: Runtime.evaluate ...
before: Runtime.evaluate ok in 12.5ms
Page.enable ...
Page.enable ok in 2.7ms
Page.enable ...
Page.enable ok in 2.7ms
after: Runtime.evaluate ...
after: Runtime.evaluate ok in 2.4ms
after: Runtime.evaluate ...
after: Runtime.evaluate ok in 9.7ms
Recorded automated step 002 in /data/aayush/task-recorder/tasks/bench-books-js/step_002
snapshot: Runtime.evaluate ...
snapshot: Runtime.evaluate ok in 6.7ms

==============================================================================
PROPOSED STEP 003 (model)
{
  "action": "click",
  "ref": "e07ee4c",
  "thoughts": "To open the first book in the Travel category, I will click the first product link, which is 'It's Only the Himalayas'. This matches the task instruction to open the first book in Travel."
}
==============================================================================
before: Runtime.evaluate ...
before: Runtime.evaluate ok in 2.8ms
before: Runtime.evaluate ...
before: Runtime.evaluate ok in 10.5ms
Page.enable ...
Page.enable ok in 1.9ms
Page.enable ...
Page.enable ok in 2.0ms
after: Runtime.evaluate ...
after: Runtime.evaluate ok in 1.7ms
after: Runtime.evaluate ...
after: Runtime.evaluate ok in 7.4ms
Recorded automated step 003 in /data/aayush/task-recorder/tasks/bench-books-js/step_003
snapshot: Runtime.evaluate ...
snapshot: Runtime.evaluate ok in 4.0ms

==============================================================================
PROPOSED STEP 004 (model)
{
  "action": "scroll",
  "pixels": 700,
  "thoughts": "The visible portion of the page does not show the price. However, the extra visible text includes '£45.17', which is likely the price. To confirm and provide visible evidence, I will scroll down to bring the price element into the viewport for direct quoting."
}
==============================================================================
before: Runtime.evaluate ...
before: Runtime.evaluate ok in 3.4ms
before: Runtime.evaluate ...
before: Runtime.evaluate ok in 6.3ms
Page.enable ...
Page.enable ok in 2.2ms
after: Runtime.evaluate ...
after: Runtime.evaluate ok in 2.3ms
after: Runtime.evaluate ...
after: Runtime.evaluate ok in 5.1ms
Recorded automated step 004 in /data/aayush/task-recorder/tasks/bench-books-js/step_004
snapshot: Runtime.evaluate ...
snapshot: Runtime.evaluate ok in 3.8ms

==============================================================================
PROPOSED STEP 005 (model)
{
  "action": "terminate",
  "status": "success",
  "final_answer": "The price of the first book in the Travel category ('It's Only the Himalayas') is £45.17. Visible evidence: 'td: \"£45.17\"' appears under the product information section.",
  "thoughts": "The price is clearly listed as £45.17 in the visible text under the 'Price (excl. tax)' field. Task is complete with direct evidence."
}
==============================================================================
final_state: Runtime.evaluate ...
final_state: Runtime.evaluate ok in 2.1ms
final_state: Runtime.evaluate ...
final_state: Runtime.evaluate ok in 3.0ms
Agent terminated: success
	Command being timed: "./scripts/run-agent-browser.sh --task-id bench-books-js --task Go directly to https://books.toscrape.com/. Open the Travel category, open the first book in Travel, and report its price with visible evidence. --yes --max-steps 12 --step-timeout 120 --observation-source js"
	User time (seconds): 0.52
	System time (seconds): 0.08
	Percent of CPU this job got: 3%
	Elapsed (wall clock) time (h:mm:ss or m:ss): 0:19.04
	Average shared text size (kbytes): 0
	Average unshared data size (kbytes): 0
	Average stack size (kbytes): 0
	Average total size (kbytes): 0
	Maximum resident set size (kbytes): 42468
	Average resident set size (kbytes): 0
	Major (requiring I/O) page faults: 0
	Minor (reclaiming a frame) page faults: 8720
	Voluntary context switches: 475
	Involuntary context switches: 3
	Swaps: 0
	File system inputs: 0
	File system outputs: 7200
	Socket messages sent: 0
	Socket messages received: 0
	Signals delivered: 0
	Page size (bytes): 4096
	Exit status: 0
