before: Runtime.evaluate ...
before: Runtime.evaluate ok in 2.6ms
before:form_state: Runtime.evaluate ...
before:form_state: Runtime.evaluate ok in 2.7ms
after: Runtime.evaluate ...
after: Runtime.evaluate ok in 2.4ms
after:form_state: Runtime.evaluate ...
after:form_state: Runtime.evaluate ok in 2.5ms
before: Runtime.evaluate ...
before: Runtime.evaluate ok in 3.2ms
before:form_state: Runtime.evaluate ...
before:form_state: Runtime.evaluate ok in 2.1ms
after: Runtime.evaluate ...
after: Runtime.evaluate ok in 1.7ms
after:form_state: Runtime.evaluate ...
after:form_state: Runtime.evaluate ok in 6.2ms
before: Runtime.evaluate ...
before: Runtime.evaluate ok in 0.9ms
before:form_state: Runtime.evaluate ...
before:form_state: Runtime.evaluate ok in 3.6ms
after: Runtime.evaluate ...
after: Runtime.evaluate ok in 2.7ms
after:form_state: Runtime.evaluate ...
after:form_state: Runtime.evaluate ok in 3.5ms
[
  {
    "id": "bench-books-open-first",
    "raw_after_json_bytes": 142485,
    "slim_after_gz_bytes": 3613,
    "dom_diff_bytes": 15550,
    "stats": {
      "added_total": 84,
      "added_roots_total": 4,
      "added_emitted": 4,
      "removed_total": 650,
      "removed_roots_total": 1,
      "removed_emitted": 1,
      "changed_total": 10,
      "changed_emitted": 10,
      "truncated": false
    },
    "compare_timing": {
      "ok": true,
      "elapsed_ms": 128.882
    }
  },
  {
    "id": "bench-wiki-navigate",
    "raw_after_json_bytes": 9865248,
    "slim_after_gz_bytes": 192562,
    "dom_diff_bytes": 8114,
    "stats": {
      "added_total": 6200,
      "added_roots_total": 2,
      "added_emitted": 2,
      "removed_total": 3,
      "removed_roots_total": 1,
      "removed_emitted": 1,
      "changed_total": 0,
      "changed_emitted": 0,
      "truncated": false
    },
    "compare_timing": {
      "ok": true,
      "elapsed_ms": 1177.762
    }
  },
  {
    "id": "bench-wiki-scroll",
    "raw_after_json_bytes": 9873188,
    "slim_after_gz_bytes": 193319,
    "dom_diff_bytes": 1212,
    "stats": {
      "added_total": 0,
      "added_roots_total": 0,
      "added_emitted": 0,
      "removed_total": 0,
      "removed_roots_total": 0,
      "removed_emitted": 0,
      "changed_total": 0,
      "changed_emitted": 0,
      "truncated": false
    },
    "compare_timing": {
      "ok": true,
      "elapsed_ms": 1155.387
    }
  }
]
